2026-07-05 09:00:01 INFO Server started successfully
2026-07-05 09:00:15 INFO User admin logged in
2026-07-05 09:01:10 INFO Configuration loaded
2026-07-05 09:02:05 WARNING CPU usage is above 80%
2026-07-05 09:02:20 INFO Background backup started
2026-07-05 09:03:12 ERROR Database Connection Failed
2026-07-05 09:03:20 ERROR Database Connection Failed
2026-07-05 09:03:45 WARNING Low Disk Space on Drive C
2026-07-05 09:04:02 INFO Backup completed successfully
2026-07-05 09:04:30 ERROR File Not Found: config.json
2026-07-05 09:05:15 INFO User john logged in
2026-07-05 09:05:40 ERROR Permission Denied: /admin/settings
2026-07-05 09:06:18 WARNING High Memory Usage
2026-07-05 09:06:45 ERROR Network Timeout
2026-07-05 09:07:10 ERROR Network Timeout
2026-07-05 09:07:30 INFO Service Restarted
2026-07-05 09:08:05 ERROR Authentication Failed
2026-07-05 09:08:40 WARNING Disk usage reached 95%
2026-07-05 09:09:12 ERROR Database Connection Failed
2026-07-05 09:09:50 CRITICAL Database Service Stopped
2026-07-05 09:10:05 INFO Recovery process started
2026-07-05 09:10:40 INFO Database Service Restarted
2026-07-05 09:11:12 INFO Recovery completed
2026-07-05 09:12:00 ERROR Invalid API Key
2026-07-05 09:12:40 WARNING Too Many Login Attempts
2026-07-05 09:13:05 ERROR SSL Certificate Expired
2026-07-05 09:13:30 INFO SSL Certificate Updated
2026-07-05 09:14:10 ERROR Email Service Unreachable
2026-07-05 09:14:50 INFO Email Service Restored
2026-07-05 09:15:20 CRITICAL Server Shutdown Unexpectedly